[2026-07-19 02:28:34] ═══════════════════════════════════════════════
[2026-07-19 02:28:34] Hermes 备份开始
[2026-07-19 02:28:34] ═══════════════════════════════════════════════
[2026-07-19 02:28:34] 初始化本地备份仓库...
[2026-07-19 02:28:34] 清理超过 7 天的旧备份...
[2026-07-19 02:28:34] 压缩 Hermes 核心数据...
[2026-07-19 02:28:36] 验证备份文件...
[2026-07-19 02:28:36] ✅ 备份成功: /root/hermes_backups/backup_hermes_2026_07_19_02_28_34.zip (5.3M)
[2026-07-19 02:28:36] 推送到远程仓库...
[2026-07-19 02:28:37] ⚠️  推送失败（可能无需推送）
[2026-07-19 02:28:37] ═══════════════════════════════════════════════
[2026-07-19 02:28:37] 备份完成
[2026-07-19 02:28:37] ═══════════════════════════════════════════════
[2026-07-19 06:43:56] ═══════════════════════════════════════════════
[2026-07-19 06:43:56] Hermes 备份开始
[2026-07-19 06:43:56] ═══════════════════════════════════════════════
[2026-07-19 06:43:56] 清理超过 7 天的旧备份...
[2026-07-19 06:43:56] 压缩 Hermes 核心数据...
[2026-07-19 06:43:57] 验证备份文件...
[2026-07-19 06:43:57] ✅ 备份成功: /root/hermes_backups/backup_hermes_2026_07_19_06_43_56.zip (2.3M)
[2026-07-19 06:43:57] 推送到远程仓库...
[2026-07-19 06:43:59] ✅ 推送成功
[2026-07-19 06:43:59] ═══════════════════════════════════════════════
[2026-07-19 06:43:59] 备份完成
[2026-07-19 06:43:59] ═══════════════════════════════════════════════
[2026-07-20 01:00:01] ═══════════════════════════════════════════════
[2026-07-20 01:00:01] Hermes 备份开始
[2026-07-20 01:00:01] ═══════════════════════════════════════════════
[2026-07-20 01:00:01] 清理超过 7 天的旧备份...
[2026-07-20 01:00:01] 压缩 Hermes 核心数据...
[2026-07-20 01:00:04] 验证备份文件...
[2026-07-20 01:00:04] ✅ 备份成功: /root/hermes_backups/backup_hermes_2026_07_20_01_00_01.zip (5.4M)
[2026-07-20 01:00:04] 推送到远程仓库...
[2026-07-20 01:00:08] ✅ 推送成功
[2026-07-20 01:00:08] ═══════════════════════════════════════════════
[2026-07-20 01:00:08] 备份完成
[2026-07-20 01:00:08] ═══════════════════════════════════════════════
[2026-07-21 01:00:01] ═══════════════════════════════════════════════
[2026-07-21 01:00:01] Hermes 备份开始
[2026-07-21 01:00:01] ═══════════════════════════════════════════════
[2026-07-21 01:00:01] 清理超过 7 天的旧备份...
[2026-07-21 01:00:01] 压缩 Hermes 核心数据...
[2026-07-21 01:00:05] 验证备份文件...
[2026-07-21 01:00:06] ✅ 备份成功: /root/hermes_backups/backup_hermes_2026_07_21_01_00_01.zip (7.0M)
[2026-07-21 01:00:06] 推送到远程仓库...
[2026-07-21 01:00:09] ✅ 推送成功
[2026-07-21 01:00:09] ═══════════════════════════════════════════════
[2026-07-21 01:00:09] 备份完成
[2026-07-21 01:00:09] ═══════════════════════════════════════════════
[2026-07-22 01:00:02] ═══════════════════════════════════════════════
[2026-07-22 01:00:02] Hermes 备份开始
[2026-07-22 01:00:02] ═══════════════════════════════════════════════
[2026-07-22 01:00:02] 清理超过 7 天的旧备份...
[2026-07-22 01:00:02] 压缩 Hermes 核心数据...
[2026-07-22 01:00:05] 验证备份文件...
[2026-07-22 01:00:06] ✅ 备份成功: /root/hermes_backups/backup_hermes_2026_07_22_01_00_02.zip (7.5M)
[2026-07-22 01:00:06] 推送到远程仓库...
[2026-07-22 01:00:14] ✅ 推送成功
[2026-07-22 01:00:14] ═══════════════════════════════════════════════
[2026-07-22 01:00:14] 备份完成
[2026-07-22 01:00:14] ═══════════════════════════════════════════════
[2026-07-23 01:00:02] ═══════════════════════════════════════════════
[2026-07-23 01:00:02] Hermes 备份开始
[2026-07-23 01:00:02] ═══════════════════════════════════════════════
[2026-07-23 01:00:02] 清理超过 7 天的旧备份...
[2026-07-23 01:00:02] 压缩 Hermes 核心数据...
[2026-07-23 01:00:06] 验证备份文件...
[2026-07-23 01:00:06] ✅ 备份成功: /root/hermes_backups/backup_hermes_2026_07_23_01_00_02.zip (7.5M)
[2026-07-23 01:00:06] 推送到远程仓库...
[2026-07-23 01:00:10] ✅ 推送成功
[2026-07-23 01:00:10] ═══════════════════════════════════════════════
[2026-07-23 01:00:10] 备份完成
[2026-07-23 01:00:10] ═══════════════════════════════════════════════
[2026-07-24 01:00:01] ═══════════════════════════════════════════════
[2026-07-24 01:00:01] Hermes 备份开始
[2026-07-24 01:00:01] ═══════════════════════════════════════════════
[2026-07-24 01:00:01] 清理超过 7 天的旧备份...
[2026-07-24 01:00:01] 压缩 Hermes 核心数据...
[2026-07-24 01:00:05] 验证备份文件...
[2026-07-24 01:00:05] ✅ 备份成功: /root/hermes_backups/backup_hermes_2026_07_24_01_00_01.zip (7.5M)
[2026-07-24 01:00:05] 推送到远程仓库...
[2026-07-24 01:00:09] ✅ 推送成功
[2026-07-24 01:00:09] ═══════════════════════════════════════════════
[2026-07-24 01:00:09] 备份完成
[2026-07-24 01:00:09] ═══════════════════════════════════════════════
[2026-07-25 01:00:01] ═══════════════════════════════════════════════
[2026-07-25 01:00:01] Hermes 备份开始
[2026-07-25 01:00:01] ═══════════════════════════════════════════════
[2026-07-25 01:00:01] 清理超过 7 天的旧备份...
[2026-07-25 01:00:01] 压缩 Hermes 核心数据...
[2026-07-25 01:00:05] 验证备份文件...
[2026-07-25 01:00:06] ✅ 备份成功: /root/hermes_backups/backup_hermes_2026_07_25_01_00_01.zip (7.5M)
[2026-07-25 01:00:06] 推送到远程仓库...
[2026-07-25 01:00:10] ✅ 推送成功
[2026-07-25 01:00:10] ═══════════════════════════════════════════════
[2026-07-25 01:00:10] 备份完成
[2026-07-25 01:00:10] ═══════════════════════════════════════════════
[2026-07-26 01:00:01] ═══════════════════════════════════════════════
[2026-07-26 01:00:01] Hermes 备份开始
[2026-07-26 01:00:01] ═══════════════════════════════════════════════
[2026-07-26 01:00:01] 清理超过 7 天的旧备份...
[2026-07-26 01:00:01] 压缩 Hermes 核心数据...
[2026-07-26 01:00:04] 验证备份文件...
[2026-07-26 01:00:05] ✅ 备份成功: /root/hermes_backups/backup_hermes_2026_07_26_01_00_01.zip (12M)
[2026-07-26 01:00:05] 推送到远程仓库...
[2026-07-26 01:00:09] ✅ 推送成功
[2026-07-26 01:00:09] ═══════════════════════════════════════════════
[2026-07-26 01:00:09] 备份完成
[2026-07-26 01:00:09] ═══════════════════════════════════════════════
[2026-07-27 01:00:01] ═══════════════════════════════════════════════
[2026-07-27 01:00:01] Hermes 备份开始
[2026-07-27 01:00:01] ═══════════════════════════════════════════════
[2026-07-27 01:00:01] 清理超过 7 天的旧备份...
[2026-07-27 01:00:01] 压缩 Hermes 核心数据...
[2026-07-27 01:00:05] 验证备份文件...
[2026-07-27 01:00:05] ✅ 备份成功: /root/hermes_backups/backup_hermes_2026_07_27_01_00_01.zip (12M)
[2026-07-27 01:00:05] 推送到远程仓库...
[2026-07-27 01:00:11] ✅ 推送成功
[2026-07-27 01:00:11] ═══════════════════════════════════════════════
[2026-07-27 01:00:11] 备份完成
[2026-07-27 01:00:11] ═══════════════════════════════════════════════
[2026-07-28 01:00:01] ═══════════════════════════════════════════════
[2026-07-28 01:00:01] Hermes 备份开始
[2026-07-28 01:00:01] ═══════════════════════════════════════════════
[2026-07-28 01:00:01] 清理超过 7 天的旧备份...
[2026-07-28 01:00:01] 压缩 Hermes 核心数据...
[2026-07-28 01:00:06] 验证备份文件...
[2026-07-28 01:00:06] ✅ 备份成功: /root/hermes_backups/backup_hermes_2026_07_28_01_00_01.zip (12M)
[2026-07-28 01:00:06] 推送到远程仓库...
[2026-07-28 01:00:11] ✅ 推送成功
[2026-07-28 01:00:11] ═══════════════════════════════════════════════
[2026-07-28 01:00:11] 备份完成
[2026-07-28 01:00:11] ═══════════════════════════════════════════════
[2026-07-29 01:00:02] ═══════════════════════════════════════════════
[2026-07-29 01:00:02] Hermes 备份开始
[2026-07-29 01:00:02] ═══════════════════════════════════════════════
[2026-07-29 01:00:02] 清理超过 7 天的旧备份...
[2026-07-29 01:00:02] 压缩 Hermes 核心数据...
[2026-07-29 01:00:07] 验证备份文件...
[2026-07-29 01:00:08] ✅ 备份成功: /root/hermes_backups/backup_hermes_2026_07_29_01_00_02.zip (12M)
[2026-07-29 01:00:08] 推送到远程仓库...
[2026-07-29 01:00:13] ✅ 推送成功
[2026-07-29 01:00:13] ═══════════════════════════════════════════════
[2026-07-29 01:00:13] 备份完成
[2026-07-29 01:00:13] ═══════════════════════════════════════════════
[2026-07-30 01:00:01] ═══════════════════════════════════════════════
[2026-07-30 01:00:01] Hermes 备份开始
[2026-07-30 01:00:01] ═══════════════════════════════════════════════
[2026-07-30 01:00:01] 清理超过 7 天的旧备份...
[2026-07-30 01:00:01] 压缩 Hermes 核心数据...
[2026-07-30 01:00:06] 验证备份文件...
[2026-07-30 01:00:06] ✅ 备份成功: /root/hermes_backups/backup_hermes_2026_07_30_01_00_01.zip (12M)
[2026-07-30 01:00:06] 推送到远程仓库...
[2026-07-30 01:00:12] ✅ 推送成功
[2026-07-30 01:00:12] ═══════════════════════════════════════════════
[2026-07-30 01:00:12] 备份完成
[2026-07-30 01:00:12] ═══════════════════════════════════════════════
[2026-07-31 01:00:01] ═══════════════════════════════════════════════
[2026-07-31 01:00:01] Hermes 备份开始
[2026-07-31 01:00:01] ═══════════════════════════════════════════════
[2026-07-31 01:00:01] 清理超过 7 天的旧备份...
[2026-07-31 01:00:02] 压缩 Hermes 核心数据...
[2026-07-31 01:00:07] 验证备份文件...
[2026-07-31 01:00:07] ✅ 备份成功: /root/hermes_backups/backup_hermes_2026_07_31_01_00_01.zip (12M)
[2026-07-31 01:00:07] 推送到远程仓库...
[2026-07-31 01:00:12] ✅ 推送成功
[2026-07-31 01:00:12] ═══════════════════════════════════════════════
[2026-07-31 01:00:12] 备份完成
[2026-07-31 01:00:12] ═══════════════════════════════════════════════
[2026-08-01 01:00:01] ═══════════════════════════════════════════════
[2026-08-01 01:00:01] Hermes 备份开始
[2026-08-01 01:00:01] ═══════════════════════════════════════════════
[2026-08-01 01:00:01] 清理超过 7 天的旧备份...
[2026-08-01 01:00:02] 压缩 Hermes 核心数据...
[2026-08-01 01:00:07] 验证备份文件...
[2026-08-01 01:00:07] ✅ 备份成功: /root/hermes_backups/backup_hermes_2026_08_01_01_00_01.zip (12M)
[2026-08-01 01:00:07] 推送到远程仓库...
[2026-08-01 01:00:13] ✅ 推送成功
[2026-08-01 01:00:13] ═══════════════════════════════════════════════
[2026-08-01 01:00:13] 备份完成
[2026-08-01 01:00:13] ═══════════════════════════════════════════════
[2026-08-02 01:00:01] ═══════════════════════════════════════════════
[2026-08-02 01:00:01] Hermes 备份开始
[2026-08-02 01:00:01] ═══════════════════════════════════════════════
[2026-08-02 01:00:01] 清理超过 7 天的旧备份...
[2026-08-02 01:00:01] 压缩 Hermes 核心数据...
[2026-08-02 01:00:04] 验证备份文件...
[2026-08-02 01:00:05] ✅ 备份成功: /root/hermes_backups/backup_hermes_2026_08_02_01_00_01.zip (16M)
[2026-08-02 01:00:05] 推送到远程仓库...
[2026-08-02 01:00:11] ✅ 推送成功
[2026-08-02 01:00:11] ═══════════════════════════════════════════════
[2026-08-02 01:00:11] 备份完成
[2026-08-02 01:00:11] ═══════════════════════════════════════════════
[2026-08-03 01:00:01] ═══════════════════════════════════════════════
[2026-08-03 01:00:02] Hermes 备份开始
[2026-08-03 01:00:02] ═══════════════════════════════════════════════
[2026-08-03 01:00:02] 清理超过 7 天的旧备份...
[2026-08-03 01:00:02] 压缩 Hermes 核心数据...
[2026-08-03 01:00:07] 验证备份文件...
[2026-08-03 01:00:07] ✅ 备份成功: /root/hermes_backups/backup_hermes_2026_08_03_01_00_01.zip (16M)
[2026-08-03 01:00:07] 推送到远程仓库...
[2026-08-03 01:00:14] ✅ 推送成功
[2026-08-03 01:00:14] ═══════════════════════════════════════════════
[2026-08-03 01:00:14] 备份完成
[2026-08-03 01:00:14] ═══════════════════════════════════════════════
[2026-08-04 01:00:01] ═══════════════════════════════════════════════
[2026-08-04 01:00:01] Hermes 备份开始
[2026-08-04 01:00:01] ═══════════════════════════════════════════════
[2026-08-04 01:00:01] 清理超过 7 天的旧备份...
[2026-08-04 01:00:02] 压缩 Hermes 核心数据...
[2026-08-04 01:00:08] 验证备份文件...
[2026-08-04 01:00:08] ✅ 备份成功: /root/hermes_backups/backup_hermes_2026_08_04_01_00_01.zip (16M)
[2026-08-04 01:00:08] 推送到远程仓库...
[2026-08-04 01:00:14] ✅ 推送成功
[2026-08-04 01:00:14] ═══════════════════════════════════════════════
[2026-08-04 01:00:14] 备份完成
[2026-08-04 01:00:14] ═══════════════════════════════════════════════
[2026-08-05 01:00:01] ═══════════════════════════════════════════════
[2026-08-05 01:00:02] Hermes 备份开始
[2026-08-05 01:00:02] ═══════════════════════════════════════════════
[2026-08-05 01:00:02] 清理超过 7 天的旧备份...
[2026-08-05 01:00:02] 压缩 Hermes 核心数据...
[2026-08-05 01:00:08] 验证备份文件...
[2026-08-05 01:00:08] ✅ 备份成功: /root/hermes_backups/backup_hermes_2026_08_05_01_00_01.zip (16M)
[2026-08-05 01:00:08] 推送到远程仓库...
[2026-08-05 01:00:16] ✅ 推送成功
[2026-08-05 01:00:16] ═══════════════════════════════════════════════
[2026-08-05 01:00:16] 备份完成
[2026-08-05 01:00:16] ═══════════════════════════════════════════════
[2026-08-06 01:00:01] ═══════════════════════════════════════════════
[2026-08-06 01:00:01] Hermes 备份开始
[2026-08-06 01:00:01] ═══════════════════════════════════════════════
[2026-08-06 01:00:01] 清理超过 7 天的旧备份...
[2026-08-06 01:00:02] 压缩 Hermes 核心数据...
[2026-08-06 01:00:08] 验证备份文件...
[2026-08-06 01:00:09] ✅ 备份成功: /root/hermes_backups/backup_hermes_2026_08_06_01_00_01.zip (16M)
[2026-08-06 01:00:09] 推送到远程仓库...
[2026-08-06 01:00:16] ✅ 推送成功
[2026-08-06 01:00:16] ═══════════════════════════════════════════════
[2026-08-06 01:00:16] 备份完成
[2026-08-06 01:00:16] ═══════════════════════════════════════════════
[2026-08-07 01:00:02] ═══════════════════════════════════════════════
[2026-08-07 01:00:02] Hermes 备份开始
[2026-08-07 01:00:02] ═══════════════════════════════════════════════
[2026-08-07 01:00:02] 清理超过 7 天的旧备份...
[2026-08-07 01:00:02] 压缩 Hermes 核心数据...
[2026-08-07 01:00:08] 验证备份文件...
[2026-08-07 01:00:09] ✅ 备份成功: /root/hermes_backups/backup_hermes_2026_08_07_01_00_02.zip (16M)
[2026-08-07 01:00:09] 推送到远程仓库...
[2026-08-07 01:00:16] ✅ 推送成功
[2026-08-07 01:00:16] ═══════════════════════════════════════════════
[2026-08-07 01:00:16] 备份完成
[2026-08-07 01:00:16] ═══════════════════════════════════════════════
[2026-08-08 01:00:01] ═══════════════════════════════════════════════
[2026-08-08 01:00:01] Hermes 备份开始
[2026-08-08 01:00:01] ═══════════════════════════════════════════════
[2026-08-08 01:00:01] 清理超过 7 天的旧备份...
[2026-08-08 01:00:02] 压缩 Hermes 核心数据...
[2026-08-08 01:00:07] 验证备份文件...
[2026-08-08 01:00:07] ✅ 备份成功: /root/hermes_backups/backup_hermes_2026_08_08_01_00_01.zip (16M)
[2026-08-08 01:00:07] 推送到远程仓库...
[2026-08-08 01:00:14] ✅ 推送成功
[2026-08-08 01:00:14] ═══════════════════════════════════════════════
[2026-08-08 01:00:14] 备份完成
[2026-08-08 01:00:14] ═══════════════════════════════════════════════
[2026-08-09 01:00:01] ═══════════════════════════════════════════════
[2026-08-09 01:00:01] Hermes 备份开始
[2026-08-09 01:00:01] ═══════════════════════════════════════════════
[2026-08-09 01:00:01] 清理超过 7 天的旧备份...
[2026-08-09 01:00:01] 压缩 Hermes 核心数据...
[2026-08-09 01:00:06] 验证备份文件...
[2026-08-09 01:00:06] ✅ 备份成功: /root/hermes_backups/backup_hermes_2026_08_09_01_00_01.zip (20M)
[2026-08-09 01:00:06] 推送到远程仓库...
[2026-08-09 01:00:14] ✅ 推送成功
[2026-08-09 01:00:14] ═══════════════════════════════════════════════
[2026-08-09 01:00:14] 备份完成
[2026-08-09 01:00:14] ═══════════════════════════════════════════════
[2026-08-10 01:00:01] ═══════════════════════════════════════════════
[2026-08-10 01:00:01] Hermes 备份开始
[2026-08-10 01:00:01] ═══════════════════════════════════════════════
[2026-08-10 01:00:01] 清理超过 7 天的旧备份...
[2026-08-10 01:00:02] 压缩 Hermes 核心数据...
[2026-08-10 01:00:08] 验证备份文件...
[2026-08-10 01:00:08] ✅ 备份成功: /root/hermes_backups/backup_hermes_2026_08_10_01_00_01.zip (20M)
[2026-08-10 01:00:08] 推送到远程仓库...
[2026-08-10 01:00:16] ✅ 推送成功
[2026-08-10 01:00:16] ═══════════════════════════════════════════════
[2026-08-10 01:00:16] 备份完成
[2026-08-10 01:00:16] ═══════════════════════════════════════════════
[2026-08-11 01:00:01] ═══════════════════════════════════════════════
[2026-08-11 01:00:01] Hermes 备份开始
[2026-08-11 01:00:01] ═══════════════════════════════════════════════
[2026-08-11 01:00:01] 清理超过 7 天的旧备份...
[2026-08-11 01:00:02] 压缩 Hermes 核心数据...
[2026-08-11 01:00:08] 验证备份文件...
[2026-08-11 01:00:08] ✅ 备份成功: /root/hermes_backups/backup_hermes_2026_08_11_01_00_01.zip (20M)
[2026-08-11 01:00:08] 推送到远程仓库...
[2026-08-11 01:00:16] ✅ 推送成功
[2026-08-11 01:00:16] ═══════════════════════════════════════════════
[2026-08-11 01:00:16] 备份完成
[2026-08-11 01:00:16] ═══════════════════════════════════════════════
[2026-08-12 01:00:01] ═══════════════════════════════════════════════
[2026-08-12 01:00:01] Hermes 备份开始
[2026-08-12 01:00:01] ═══════════════════════════════════════════════
[2026-08-12 01:00:01] 清理超过 7 天的旧备份...
[2026-08-12 01:00:01] 压缩 Hermes 核心数据...
[2026-08-12 01:00:08] 验证备份文件...
[2026-08-12 01:00:08] ✅ 备份成功: /root/hermes_backups/backup_hermes_2026_08_12_01_00_01.zip (20M)
[2026-08-12 01:00:08] 推送到远程仓库...
